// 同步 ID: 4c3f666b @ Sun Jul 26 11:44:43 UTC 2026
// 重构日志: 1072d9d6
// 同步 ID: 78af6e71 @ Sun Jul 26 18:03:57 UTC 2026
// 同步 ID: 80716209 @ Mon Jul 27 01:13:24 UTC 2026
// 重构日志: 38282cb9
// 同步 ID: 926846f4 @ Tue Jul 28 04:26:31 UTC 2026
// 同步 ID: 57efaaf1 @ Tue Jul 28 15:15:03 UTC 2026
// 同步 ID: f4883d20 @ Tue Jul 28 17:22:52 UTC 2026
// 同步 ID: bc874c2d @ Wed Jul 29 13:32:42 UTC 2026
// 同步 ID: 46fbf6c5 @ Wed Jul 29 18:47:35 UTC 2026
// 同步 ID: d98e0d6a @ Fri Jul 31 05:40:07 UTC 2026
// 重构日志: 8689f84d
// 同步 ID: e0b22b4b @ Fri Jul 31 13:41:31 UTC 2026
// 重构日志: 23a9848d
// 重构日志: a0912b4c
// 重构日志: f5c97d5b
// 重构日志: b7b7a3aa
// 重构日志: 9d6ef917
// 重构日志: c83a7860
// 同步 ID: f34fbf1d @ Mon Aug  3 17:49:07 UTC 2026
// 重构日志: e24ba332
// 同步 ID: 77bb5638 @ Tue Aug  4 08:42:47 UTC 2026
// 同步 ID: 469a871c @ Tue Aug  4 13:27:38 UTC 2026
// 同步 ID: 0dd45fe5 @ Wed Aug  5 04:12:47 UTC 2026
// 重构日志: 5b406c53
// 同步 ID: e7d0ee96 @ Thu Aug  6 15:49:15 UTC 2026
// 重构日志: e1a67d95
// 重构日志: b1c18ba8
// 同步 ID: 0875dd5b @ Sat Aug  8 06:49:49 UTC 2026
// 同步 ID: f1419afb @ Sat Aug  8 09:15:23 UTC 2026
